matplotlib.font_manager findfont: Matching :family=sans-serif:style=normal:variant=normal:weight=normal:stretch=normal:size=10.0 to Arial ('c:\\windows\\fonts\\arial.ttf') with score of 0.050000
matplotlib.font_manager findfont: Matching :family=sans-serif:style=normal:variant=normal:weight=normal:stretch=normal:size=12.0 to Arial ('c:\\windows\\fonts\\arial.ttf') with score of 0.050000
matplotlib.font_manager findfont: Matching :family=STIXGeneral:style=normal:variant=normal:weight=normal:stretch=normal:size=10.0 to STIXGeneral ('C:\\Users\\tsja\\AppData\\Local\\Continuum\\Anaconda3\\lib\\site-packages\\matplotlib\\mpl-data\\fonts\\ttf\\STIXGeneral.ttf') with score of 0.050000
matplotlib.font_manager findfont: Matching :family=STIXGeneral:style=italic:variant=normal:weight=normal:stretch=normal:size=10.0 to STIXGeneral ('C:\\Users\\tsja\\AppData\\Local\\Continuum\\Anaconda3\\lib\\site-packages\\matplotlib\\mpl-data\\fonts\\ttf\\STIXGeneralItalic.ttf') with score of 0.050000
matplotlib.font_manager findfont: Matching :family=STIXGeneral:style=normal:variant=normal:weight=bold:stretch=normal:size=10.0 to STIXGeneral ('C:\\Users\\tsja\\AppData\\Local\\Continuum\\Anaconda3\\lib\\site-packages\\matplotlib\\mpl-data\\fonts\\ttf\\STIXGeneralBol.ttf') with score of 0.000000
matplotlib.font_manager findfont: Matching :family=STIXNonUnicode:style=normal:variant=normal:weight=normal:stretch=normal:size=10.0 to STIXNonUnicode ('C:\\Users\\tsja\\AppData\\Local\\Continuum\\Anaconda3\\lib\\site-packages\\matplotlib\\mpl-data\\fonts\\ttf\\STIXNonUni.ttf') with score of 0.050000
matplotlib.font_manager findfont: Matching :family=STIXNonUnicode:style=italic:variant=normal:weight=normal:stretch=normal:size=10.0 to STIXNonUnicode ('C:\\Users\\tsja\\AppData\\Local\\Continuum\\Anaconda3\\lib\\site-packages\\matplotlib\\mpl-data\\fonts\\ttf\\STIXNonUniIta.ttf') with score of 0.050000
matplotlib.font_manager findfont: Matching :family=STIXNonUnicode:style=normal:variant=normal:weight=bold:stretch=normal:size=10.0 to STIXNonUnicode ('C:\\Users\\tsja\\AppData\\Local\\Continuum\\Anaconda3\\lib\\site-packages\\matplotlib\\mpl-data\\fonts\\ttf\\STIXNonUniBol.ttf') with score of 0.000000
matplotlib.font_manager findfont: Matching :family=STIXSizeOneSym:style=normal:variant=normal:weight=normal:stretch=normal:size=10.0 to STIXSizeOneSym ('C:\\Users\\tsja\\AppData\\Local\\Continuum\\Anaconda3\\lib\\site-packages\\matplotlib\\mpl-data\\fonts\\ttf\\STIXSizOneSymReg.ttf') with score of 0.050000
matplotlib.font_manager findfont: Matching :family=STIXSizeTwoSym:style=normal:variant=normal:weight=normal:stretch=normal:size=10.0 to STIXSizeTwoSym ('C:\\Users\\tsja\\AppData\\Local\\Continuum\\Anaconda3\\lib\\site-packages\\matplotlib\\mpl-data\\fonts\\ttf\\STIXSizTwoSymReg.ttf') with score of 0.050000
matplotlib.font_manager findfont: Matching :family=STIXSizeThreeSym:style=normal:variant=normal:weight=normal:stretch=normal:size=10.0 to STIXSizeThreeSym ('C:\\Users\\tsja\\AppData\\Local\\Continuum\\Anaconda3\\lib\\site-packages\\matplotlib\\mpl-data\\fonts\\ttf\\STIXSizThreeSymReg.ttf') with score of 0.050000
matplotlib.font_manager findfont: Matching :family=STIXSizeFourSym:style=normal:variant=normal:weight=normal:stretch=normal:size=10.0 to STIXSizeFourSym ('C:\\Users\\tsja\\AppData\\Local\\Continuum\\Anaconda3\\lib\\site-packages\\matplotlib\\mpl-data\\fonts\\ttf\\STIXSizFourSymReg.ttf') with score of 0.050000
matplotlib.font_manager findfont: Matching :family=STIXSizeFiveSym:style=normal:variant=normal:weight=normal:stretch=normal:size=10.0 to STIXSizeFiveSym ('C:\\Users\\tsja\\AppData\\Local\\Continuum\\Anaconda3\\lib\\site-packages\\matplotlib\\mpl-data\\fonts\\ttf\\STIXSizFiveSymReg.ttf') with score of 0.050000
matplotlib.font_manager findfont: Matching :family=cmsy10:style=normal:variant=normal:weight=normal:stretch=normal:size=10.0 to cmsy10 ('C:\\Users\\tsja\\AppData\\Local\\Continuum\\Anaconda3\\lib\\site-packages\\matplotlib\\mpl-data\\fonts\\ttf\\cmsy10.ttf') with score of 0.050000
matplotlib.font_manager findfont: Matching :family=cmr10:style=normal:variant=normal:weight=normal:stretch=normal:size=10.0 to cmr10 ('C:\\Users\\tsja\\AppData\\Local\\Continuum\\Anaconda3\\lib\\site-packages\\matplotlib\\mpl-data\\fonts\\ttf\\cmr10.ttf') with score of 0.050000
matplotlib.font_manager findfont: Matching :family=cmtt10:style=normal:variant=normal:weight=normal:stretch=normal:size=10.0 to cmtt10 ('C:\\Users\\tsja\\AppData\\Local\\Continuum\\Anaconda3\\lib\\site-packages\\matplotlib\\mpl-data\\fonts\\ttf\\cmtt10.ttf') with score of 0.050000
matplotlib.font_manager findfont: Matching :family=cmmi10:style=normal:variant=normal:weight=normal:stretch=normal:size=10.0 to cmmi10 ('C:\\Users\\tsja\\AppData\\Local\\Continuum\\Anaconda3\\lib\\site-packages\\matplotlib\\mpl-data\\fonts\\ttf\\cmmi10.ttf') with score of 0.050000
matplotlib.font_manager findfont: Matching :family=cmb10:style=normal:variant=normal:weight=normal:stretch=normal:size=10.0 to cmb10 ('C:\\Users\\tsja\\AppData\\Local\\Continuum\\Anaconda3\\lib\\site-packages\\matplotlib\\mpl-data\\fonts\\ttf\\cmb10.ttf') with score of 0.050000
matplotlib.font_manager findfont: Matching :family=cmss10:style=normal:variant=normal:weight=normal:stretch=normal:size=10.0 to cmss10 ('C:\\Users\\tsja\\AppData\\Local\\Continuum\\Anaconda3\\lib\\site-packages\\matplotlib\\mpl-data\\fonts\\ttf\\cmss10.ttf') with score of 0.050000
matplotlib.font_manager findfont: Matching :family=cmex10:style=normal:variant=normal:weight=normal:stretch=normal:size=10.0 to cmex10 ('C:\\Users\\tsja\\AppData\\Local\\Continuum\\Anaconda3\\lib\\site-packages\\matplotlib\\mpl-data\\fonts\\ttf\\cmex10.ttf') with score of 0.050000
matplotlib.font_manager findfont: Matching :family=DejaVu Sans:style=normal:variant=normal:weight=normal:stretch=normal:size=10.0 to DejaVu Sans ('C:\\Users\\tsja\\AppData\\Local\\Continuum\\Anaconda3\\lib\\site-packages\\matplotlib\\mpl-data\\fonts\\ttf\\DejaVuSans.ttf') with score of 0.050000
matplotlib.font_manager findfont: Matching :family=DejaVu Sans:style=italic:variant=normal:weight=normal:stretch=normal:size=10.0 to DejaVu Sans ('C:\\Users\\tsja\\AppData\\Local\\Continuum\\Anaconda3\\lib\\site-packages\\matplotlib\\mpl-data\\fonts\\ttf\\DejaVuSans-Oblique.ttf') with score of 0.150000
matplotlib.font_manager findfont: Matching :family=DejaVu Sans:style=normal:variant=normal:weight=bold:stretch=normal:size=10.0 to DejaVu Sans ('C:\\Users\\tsja\\AppData\\Local\\Continuum\\Anaconda3\\lib\\site-packages\\matplotlib\\mpl-data\\fonts\\ttf\\DejaVuSans-Bold.ttf') with score of 0.000000
matplotlib.font_manager findfont: Matching :family=DejaVu Sans Mono:style=normal:variant=normal:weight=normal:stretch=normal:size=10.0 to DejaVu Sans Mono ('C:\\Users\\tsja\\AppData\\Local\\Continuum\\Anaconda3\\lib\\site-packages\\matplotlib\\mpl-data\\fonts\\ttf\\DejaVuSansMono.ttf') with score of 0.050000
matplotlib.font_manager findfont: Matching :family=DejaVu Sans Display:style=normal:variant=normal:weight=normal:stretch=normal:size=10.0 to DejaVu Sans Display ('C:\\Users\\tsja\\AppData\\Local\\Continuum\\Anaconda3\\lib\\site-packages\\matplotlib\\mpl-data\\fonts\\ttf\\DejaVuSansDisplay.ttf') with score of 0.050000
